[andit.co/projects/html/and-tour/index.html]
[backblue.gif]
[fade.gif]
[index.html]
[andit.co/projects/html/and-tour/assets/css/bootstrap.min.css]
[andit.co/projects/html/and-tour/assets/css/animate.min.css]
[andit.co/projects/html/and-tour/assets/css/fontawesome.all.min.css]
[cdn.jsdelivr.net/npm/bootstrap-icons@1.8.2/font/bootstrap-icons.css]
[andit.co/projects/html/and-tour/assets/css/owl.carousel.min.css]
[andit.co/projects/html/and-tour/assets/css/owl.theme.default.min.css]
[andit.co/projects/html/and-tour/assets/css/navber.css]
[andit.co/projects/html/and-tour/assets/css/meanmenu.css]
[andit.co/projects/html/and-tour/assets/css/style.css]
[andit.co/projects/html/and-tour/assets/css/responsive.css]
[andit.co/projects/html/and-tour/assets/img/favicon.png]
[andit.co/projects/html/and-tour/login.html]
[andit.co/projects/html/and-tour/register.html]
[andit.co/projects/html/and-tour/assets/img/logo.png]
[andit.co/projects/html/and-tour/tour-search.html]
[andit.co/projects/html/and-tour/tour-details.html]
[andit.co/projects/html/and-tour/tour-booking-submission.html]
[andit.co/projects/html/and-tour/top-destinations.html]
[andit.co/projects/html/and-tour/top-destinations-details.html]
[andit.co/projects/html/and-tour/flight-search-result.html]
[andit.co/projects/html/and-tour/flight-booking-submission.html]
[andit.co/projects/html/and-tour/hotel-search.html]
[andit.co/projects/html/and-tour/hotel-details.html]
[andit.co/projects/html/and-tour/room-details.html]
[andit.co/projects/html/and-tour/room-booking.html]
[andit.co/projects/html/and-tour/news.html]
[andit.co/projects/html/and-tour/news-details.html]
[andit.co/projects/html/and-tour/about.html]
[andit.co/projects/html/and-tour/tour-guides.html]
[andit.co/projects/html/and-tour/testimonials.html]
[andit.co/projects/html/and-tour/faqs.html]
[andit.co/projects/html/and-tour/booking-confirmation.html]
[andit.co/projects/html/and-tour/forgot-password.html]
[andit.co/projects/html/and-tour/verify-otp.html]
[andit.co/projects/html/and-tour/reset-password.html]
[andit.co/projects/html/and-tour/dashboard.html]
[andit.co/projects/html/and-tour/hotel-booking.html]
[andit.co/projects/html/and-tour/flight-booking.html]
[andit.co/projects/html/and-tour/tour-booking.html]
[andit.co/projects/html/and-tour/booking-history.html]
[andit.co/projects/html/and-tour/my-profile.html]
[andit.co/projects/html/and-tour/wallet.html]
[andit.co/projects/html/and-tour/notification.html]
[andit.co/projects/html/and-tour/privacy-policy.html]
[andit.co/projects/html/and-tour/error.html]
[andit.co/projects/html/and-tour/contact.html]
[andit.co/projects/html/and-tour/become-vendor.html]
[andit.co/projects/html/and-tour/assets/img/imagination/imagination1.png]
[andit.co/projects/html/and-tour/assets/img/imagination/imagination2.png]
[andit.co/projects/html/and-tour/assets/img/imagination/imagination3.png]
[andit.co/projects/html/and-tour/assets/img/destination/big-img.png]
[andit.co/projects/html/and-tour/assets/img/destination/destination1.png]
[andit.co/projects/html/and-tour/assets/img/destination/destination2.png]
[andit.co/projects/html/and-tour/assets/img/destination/destination3.png]
[andit.co/projects/html/and-tour/assets/img/destination/destination4.png]
[andit.co/projects/html/and-tour/assets/img/destination/destination5.png]
[andit.co/projects/html/and-tour/assets/img/destination/destination6.png]
[andit.co/projects/html/and-tour/assets/img/destination/destination7.png]
[andit.co/projects/html/and-tour/assets/img/destination/destination8.png]
[andit.co/projects/html/and-tour/assets/img/tab-img/hotel1.png]
[andit.co/projects/html/and-tour/assets/img/tab-img/hotel2.png]
[andit.co/projects/html/and-tour/assets/img/tab-img/hotel3.png]
[andit.co/projects/html/and-tour/assets/img/tab-img/hotel4.png]
[andit.co/projects/html/and-tour/assets/img/tab-img/hotel5.png]
[andit.co/projects/html/and-tour/assets/img/tab-img/hotel6.png]
[andit.co/projects/html/and-tour/assets/img/tab-img/hotel7.png]
[andit.co/projects/html/and-tour/assets/img/tab-img/hotel8.png]
[andit.co/projects/html/and-tour/assets/img/offer/offer1.png]
[andit.co/projects/html/and-tour/assets/img/offer/offer2.png]
[andit.co/projects/html/and-tour/assets/img/offer/offer3.png]
[andit.co/projects/html/and-tour/assets/img/destination/destination-small1.png]
[andit.co/projects/html/and-tour/assets/img/destination/destination-small2.png]
[andit.co/projects/html/and-tour/assets/img/destination/destination-small3.png]
[andit.co/projects/html/and-tour/assets/img/destination/destination-small4.png]
[andit.co/projects/html/and-tour/assets/img/destination/destination-small5.png]
[andit.co/projects/html/and-tour/assets/img/destination/destination-small6.png]
[andit.co/projects/html/and-tour/assets/img/news/small1.png]
[andit.co/projects/html/and-tour/assets/img/news/small2.png]
[andit.co/projects/html/and-tour/assets/img/news/small3.png]
[andit.co/projects/html/and-tour/assets/img/news/small4.png]
[andit.co/projects/html/and-tour/assets/img/news/new-big.png]
[andit.co/projects/html/and-tour/assets/img/partner/1.png]
[andit.co/projects/html/and-tour/assets/img/partner/2.png]
[andit.co/projects/html/and-tour/assets/img/partner/3.png]
[andit.co/projects/html/and-tour/assets/img/partner/4.png]
[andit.co/projects/html/and-tour/assets/img/partner/5.png]
[andit.co/projects/html/and-tour/assets/img/partner/6.png]
[andit.co/projects/html/and-tour/assets/img/partner/7.png]
[andit.co/projects/html/and-tour/assets/img/partner/8.png]
[andit.co/projects/html/and-tour/assets/img/common/email.png]
[andit.co/projects/html/and-tour/terms-service.html]
[andit.co/projects/html/and-tour/faq.html]
[andit.co/projects/html/and-tour/assets/img/common/cards.png]
[andit.co/projects/html/and-tour/assets/js/jquery-3.6.0.min.js]
[andit.co/projects/html/and-tour/assets/js/jquery.meanmenu.js]
[andit.co/projects/html/and-tour/assets/js/bootstrap.bundle.js]
[andit.co/projects/html/and-tour/assets/js/owl.carousel.min.js]
[andit.co/projects/html/and-tour/assets/js/wow.min.js]
[andit.co/projects/html/and-tour/assets/js/custom.js]
[andit.co/projects/html/and-tour/assets/js/add-form.js]
[andit.co/projects/html/and-tour/assets/js/form-dropdown.js]
[andit.co/projects/html/and-tour/index.html]
[andit.co/projects/html/and-tour/assets/css/bootstrap.min.css]
[andit.co/projects/html/and-tour/assets/css/animate.min.css]
[andit.co/projects/html/and-tour/assets/webfonts/fa-brands-400.eot]
[andit.co/projects/html/and-tour/assets/webfonts/fa-brands-400d41dd41d.eot]
[andit.co/projects/html/and-tour/assets/webfonts/fa-brands-400.woff2]
[andit.co/projects/html/and-tour/assets/webfonts/fa-brands-400.woff]
[andit.co/projects/html/and-tour/assets/webfonts/fa-brands-400.ttf]
[andit.co/projects/html/and-tour/assets/webfonts/fa-regular-400.eot]
[andit.co/projects/html/and-tour/assets/webfonts/fa-regular-400d41dd41d.eot]
[andit.co/projects/html/and-tour/assets/webfonts/fa-brands-400.svg]
[andit.co/projects/html/and-tour/assets/webfonts/fa-regular-400.woff2]
[andit.co/projects/html/and-tour/assets/webfonts/fa-regular-400.woff]
[andit.co/projects/html/and-tour/assets/webfonts/fa-regular-400.ttf]
[andit.co/projects/html/and-tour/assets/webfonts/fa-regular-400.svg]
[andit.co/projects/html/and-tour/assets/webfonts/fa-solid-900.eot]
[andit.co/projects/html/and-tour/assets/webfonts/fa-solid-900d41dd41d.eot]
[andit.co/projects/html/and-tour/assets/webfonts/fa-solid-900.woff2]
[andit.co/projects/html/and-tour/assets/webfonts/fa-solid-900.woff]
[andit.co/projects/html/and-tour/assets/webfonts/fa-solid-900.ttf]
[andit.co/projects/html/and-tour/assets/css/fontawesome.all.min.css]
[cdn.jsdelivr.net/npm/bootstrap-icons@1.8.2/font/fonts/bootstrap-iconse8a7.woff2]
[andit.co/projects/html/and-tour/assets/webfonts/fa-solid-900.svg]
[cdn.jsdelivr.net/npm/bootstrap-icons@1.8.2/font/fonts/bootstrap-iconse8a7.woff]
[cdn.jsdelivr.net/npm/bootstrap-icons@1.8.2/font/bootstrap-icons.css]
[andit.co/projects/html/and-tour/assets/css/owl.video.play.html]
[andit.co/projects/html/and-tour/assets/css/owl.carousel.min.css]
[andit.co/projects/html/and-tour/assets/css/owl.theme.default.min.css]
[andit.co/projects/html/and-tour/assets/css/navber.css]
[andit.co/projects/html/and-tour/assets/css/meanmenu.css]
[andit.co/projects/html/and-tour/assets/img/banner/bg.png]
[andit.co/projects/html/and-tour/assets/img/banner/common-banner.png]
[andit.co/projects/html/and-tour/assets/img/common/counter_bg.png]
[andit.co/projects/html/and-tour/assets/img/icon/plane-right-blue.png]
[andit.co/projects/html/and-tour/assets/css/style.css]
[andit.co/projects/html/and-tour/assets/css/responsive.css]
[andit.co/projects/html/and-tour/assets/css/slick.min.css]
[andit.co/projects/html/and-tour/assets/css/slick-theme.css]
[andit.co/projects/html/and-tour/login.html]
[andit.co/projects/html/and-tour/assets/css/nouislider.css]
[andit.co/projects/html/and-tour/assets/img/icon/google.png]
[andit.co/projects/html/and-tour/assets/img/icon/facebook.png]
[andit.co/projects/html/and-tour/assets/img/icon/twitter.png]
[andit.co/projects/html/and-tour/register.html]
[andit.co/projects/html/and-tour/assets/js/nouislider.min.js]
[andit.co/projects/html/and-tour/tour-search.html]
[andit.co/projects/html/and-tour/assets/js/wNumb.js]
[andit.co/projects/html/and-tour/assets/css/slick-theme.min.css]
[andit.co/projects/html/and-tour/assets/img/tour/big-img.png]
[andit.co/projects/html/and-tour/assets/img/tour/big-img2.png]
[andit.co/projects/html/and-tour/assets/img/tour/big-img3.png]
[andit.co/projects/html/and-tour/assets/img/tour/big-img4.png]
[andit.co/projects/html/and-tour/assets/img/tour/big-img5.png]
[andit.co/projects/html/and-tour/assets/img/tour/big-img6.png]
[andit.co/projects/html/and-tour/assets/img/tour/big-img7.png]
[andit.co/projects/html/and-tour/assets/img/tour/small1-img.png]
[andit.co/projects/html/and-tour/assets/img/tour/small2-img.png]
[andit.co/projects/html/and-tour/assets/img/tour/small3-img.png]
[andit.co/projects/html/and-tour/assets/img/tour/small4-img.png]
[andit.co/projects/html/and-tour/assets/img/tour/small5-img.png]
[andit.co/projects/html/and-tour/assets/img/tour/small6-img.png]
[andit.co/projects/html/and-tour/assets/img/tour/small7-img.png]
[andit.co/projects/html/and-tour/assets/img/review/review1.png]
[andit.co/projects/html/and-tour/assets/img/review/review-small1.png]
[andit.co/projects/html/and-tour/assets/img/review/review-small2.png]
[andit.co/projects/html/and-tour/assets/img/review/review-small3.png]
[andit.co/projects/html/and-tour/assets/img/review/review-small4.png]
[andit.co/projects/html/and-tour/assets/img/review/review-small5.png]
[andit.co/projects/html/and-tour/assets/img/review/review2.png]
[andit.co/projects/html/and-tour/assets/img/review/review3.png]
[andit.co/projects/html/and-tour/assets/img/review/review4.png]
[andit.co/projects/html/and-tour/assets/img/review/review5.png]
[andit.co/projects/html/and-tour/assets/js/slick.min.js]
[andit.co/projects/html/and-tour/assets/js/slick-slider.js]
[andit.co/projects/html/and-tour/tour-details.html]
[andit.co/projects/html/and-tour/assets/js/payment-form.js]
[andit.co/projects/html/and-tour/tour-booking-submission.html]
[andit.co/projects/html/and-tour/assets/img/destination/main-page1.png]
[andit.co/projects/html/and-tour/assets/img/destination/main-page2.png]
[andit.co/projects/html/and-tour/assets/img/destination/main-page3.png]
[andit.co/projects/html/and-tour/assets/img/destination/main-page4.png]
[andit.co/projects/html/and-tour/assets/img/destination/main-page5.png]
[andit.co/projects/html/and-tour/assets/img/destination/main-page6.png]
[andit.co/projects/html/and-tour/top-destinations.html]
[andit.co/projects/html/and-tour/top-destinations-details.html]
[andit.co/projects/html/and-tour/assets/img/common/biman_bangla.png]
[andit.co/projects/html/and-tour/assets/img/icon/right_arrow.png]
[andit.co/projects/html/and-tour/assets/img/icon/bg.png]
[andit.co/projects/html/and-tour/flight-search-result.html]
[andit.co/projects/html/and-tour/flight-booking-submission.html]
[andit.co/projects/html/and-tour/hotel-search.html]
[andit.co/projects/html/and-tour/assets/img/icon/ac.png]
[andit.co/projects/html/and-tour/assets/img/icon/tv.png]
[andit.co/projects/html/and-tour/assets/img/icon/gym.png]
[andit.co/projects/html/and-tour/assets/img/icon/wifi.png]
[andit.co/projects/html/and-tour/assets/img/hotel/hotel-big-1.png]
[andit.co/projects/html/and-tour/assets/img/hotel/small-1.png]
[andit.co/projects/html/and-tour/assets/img/hotel/small-2.png]
[andit.co/projects/html/and-tour/assets/img/hotel/small-3.png]
[andit.co/projects/html/and-tour/assets/img/hotel/small-4.png]
[andit.co/projects/html/and-tour/assets/img/hotel/small-5.png]
[andit.co/projects/html/and-tour/assets/img/hotel/small-6.png]
[andit.co/projects/html/and-tour/assets/img/hotel/room-1.png]
[andit.co/projects/html/and-tour/assets/img/hotel/room-2.png]
[andit.co/projects/html/and-tour/assets/img/hotel/room-3.png]
[andit.co/projects/html/and-tour/hotel-details.html]
[andit.co/projects/html/and-tour/room-details.html]
[andit.co/projects/html/and-tour/room-booking.html]
[andit.co/projects/html/and-tour/assets/img/news/news-big.png]
[andit.co/projects/html/and-tour/assets/img/news/author-1.png]
[andit.co/projects/html/and-tour/assets/img/news/news-1.png]
[andit.co/projects/html/and-tour/assets/img/news/news-2.png]
[andit.co/projects/html/and-tour/assets/img/news/author-2.png]
[andit.co/projects/html/and-tour/assets/img/news/news-3.png]
[andit.co/projects/html/and-tour/assets/img/news/author-3.png]
[andit.co/projects/html/and-tour/assets/img/news/news-5.png]
[andit.co/projects/html/and-tour/assets/img/news/author-5.png]
[andit.co/projects/html/and-tour/assets/img/news/news-6.png]
[andit.co/projects/html/and-tour/assets/img/news/author-6.png]
[andit.co/projects/html/and-tour/news.html]
[andit.co/projects/html/and-tour/assets/img/news/news-details.png]
[andit.co/projects/html/and-tour/assets/img/news/news_details_left.png]
[andit.co/projects/html/and-tour/assets/img/news/news_details_right.png]
[andit.co/projects/html/and-tour/assets/img/icon/pdf.png]
[andit.co/projects/html/and-tour/assets/img/news/comment.png]
[andit.co/projects/html/and-tour/assets/img/news/recent-1.png]
[andit.co/projects/html/and-tour/assets/img/news/recent-2.png]
[andit.co/projects/html/and-tour/assets/img/news/recent-3.png]
[andit.co/projects/html/and-tour/assets/img/news/recent-4.png]
[andit.co/projects/html/and-tour/!]
[andit.co/projects/html/and-tour/news-details.html]
[andit.co/projects/html/and-tour/assets/img/common/abour_right.png]
[andit.co/projects/html/and-tour/assets/img/common/small_banner.png]
[andit.co/projects/html/and-tour/assets/img/common/big_banner.png]
[andit.co/projects/html/and-tour/assets/img/icon/world.png]
[andit.co/projects/html/and-tour/assets/img/icon/walte.png]
[andit.co/projects/html/and-tour/assets/img/icon/star.png]
[andit.co/projects/html/and-tour/assets/img/icon/persentis.png]
[andit.co/projects/html/and-tour/assets/img/icon/user.png]
[andit.co/projects/html/and-tour/assets/img/icon/bank.png]
[andit.co/projects/html/and-tour/assets/img/icon/world-map.png]
[andit.co/projects/html/and-tour/assets/img/icon/calander.png]
[andit.co/projects/html/and-tour/assets/img/review/review6.png]
[andit.co/projects/html/and-tour/assets/img/review/review7.png]
[andit.co/projects/html/and-tour/assets/js/jquery.min.js]
[andit.co/projects/html/and-tour/assets/js/waypoints.min.js]
[andit.co/projects/html/and-tour/assets/js/jquery.counterup.min.js]
[andit.co/projects/html/and-tour/about.html]
[andit.co/projects/html/and-tour/assets/img/tour-guides/guide-1.png]
[andit.co/projects/html/and-tour/assets/img/tour-guides/guide-2.png]
[andit.co/projects/html/and-tour/assets/img/tour-guides/guide-3.png]
[andit.co/projects/html/and-tour/assets/img/tour-guides/guide-4.png]
[andit.co/projects/html/and-tour/assets/img/tour-guides/guide-5.png]
[andit.co/projects/html/and-tour/assets/img/tour-guides/guide-6.png]
[andit.co/projects/html/and-tour/assets/img/tour-guides/guide-7.png]
[andit.co/projects/html/and-tour/assets/img/tour-guides/guide-8.png]
[andit.co/projects/html/and-tour/assets/img/tour-guides/guide-9.png]
[andit.co/projects/html/and-tour/assets/img/tour-guides/guide-10.png]
[andit.co/projects/html/and-tour/assets/img/tour-guides/guide-11.png]
[andit.co/projects/html/and-tour/assets/img/tour-guides/guide-12.png]
[andit.co/projects/html/and-tour/tour-guides.html]
[andit.co/projects/html/and-tour/testimonials.html]
[andit.co/projects/html/and-tour/assets/img/icon/call.png]
[andit.co/projects/html/and-tour/faqs.html]
[andit.co/projects/html/and-tour/assets/img/icon/right.png]
[andit.co/projects/html/and-tour/booking-confirmation.html]
[andit.co/projects/html/and-tour/forgot-password.html]
[andit.co/projects/html/and-tour/verify-otp.html]
[andit.co/projects/html/and-tour/reset-password.html]
[andit.co/projects/html/and-tour/assets/img/common/dashboard-user.png]
[andit.co/projects/html/and-tour/dashboard.html]
[andit.co/projects/html/and-tour/hotel-booking.html]
[andit.co/projects/html/and-tour/flight-booking.html]
[andit.co/projects/html/and-tour/tour-booking.html]
[andit.co/projects/html/and-tour/booking-history.html]
[andit.co/projects/html/and-tour/my-profile.html]
[andit.co/projects/html/and-tour/wallet.html]
[andit.co/projects/html/and-tour/notification.html]
[andit.co/projects/html/and-tour/privacy-policy.html]
[andit.co/projects/html/and-tour/assets/img/common/error.png]
[andit.co/projects/html/and-tour/error.html]
[andit.co/projects/html/and-tour/contact.html]
[andit.co/projects/html/and-tour/assets/css/popup.css]
[andit.co/projects/html/and-tour/assets/img/common/how-1.png]
[andit.co/projects/html/and-tour/assets/img/common/how-2.png]
[andit.co/projects/html/and-tour/assets/img/common/how-3.png]
[andit.co/projects/html/and-tour/assets/img/common/video.png]
[andit.co/projects/html/and-tour/assets/img/common/vendor.png]
[andit.co/projects/html/and-tour/become-vendor.html]
[andit.co/projects/html/and-tour/terms-service.html]
[andit.co/projects/html/and-tour/faq.html]
[andit.co/projects/html/and-tour/assets/js/jquery.magnific-popup.min.js]
[andit.co/projects/html/and-tour/assets/webfonts/fa-brands-400.svg]
[andit.co/projects/html/and-tour/assets/webfonts/fa-regular-400.svg]
[andit.co/projects/html/and-tour/assets/webfonts/fa-solid-900.svg]
[andit.co/projects/html/and-tour/assets/css/owl.video.play.html]
[andit.co/projects/html/and-tour/assets/css/slick.min.css]
[andit.co/projects/html/and-tour/assets/css/ajax-loader.gif]
[andit.co/projects/html/and-tour/assets/css/fonts/slick.eot]
[andit.co/projects/html/and-tour/assets/css/fonts/slickd41d.eot]
[andit.co/projects/html/and-tour/assets/css/fonts/slick.woff]
[andit.co/projects/html/and-tour/assets/css/fonts/slick.ttf]
[andit.co/projects/html/and-tour/assets/css/fonts/slick.svg]
[andit.co/projects/html/and-tour/assets/css/slick-theme.css]
[andit.co/projects/html/and-tour/assets/css/nouislider.css]
[andit.co/projects/html/and-tour/assets/css/slick-theme.min.css]
[andit.co/projects/html/and-tour/!.html]
[andit.co/projects/html/and-tour/assets/css/popup.css]
[andit.co/projects/html/and-tour/assets/css/ajax-loader.html]
[andit.co/projects/html/and-tour/assets/css/fonts/slick.html]
[andit.co/projects/html/and-tour/assets/css/fonts/slickd41d.html]
[andit.co/projects/html/and-tour/assets/css/fonts/slick-2.html]
[andit.co/projects/html/and-tour/assets/css/fonts/slick-3.html]
[andit.co/projects/html/and-tour/assets/css/fonts/slick-4.html]
